

Wed Apr 11 02:47:30 2018
Command line: TestDisk

TestDisk 6.14, Data Recovery Utility, July 2013
Christophe GRENIER <grenier@cgsecurity.org>
http://www.cgsecurity.org
OS: Linux, kernel 3.19.0-25-generic (#26~14.04.1-Ubuntu SMP Fri Jul 24 21:16:20 UTC 2015) x86_64
Compiler: GCC 4.8
Compilation date: 2013-10-29T01:29:29
ext2fs lib: 1.42.9, ntfs lib: libntfs-3g, reiserfs lib: none, ewf lib: none
Warning: can't get size for Disk /dev/mapper/control - 0 B - 1 sectors, sector size=512
Hard disk list
Disk /dev/sda - 53 GB / 50 GiB - CHS 6527 255 63, sector size=512 - Msft Virtual Disk, FW:1.0
Disk /dev/mapper/priority--web--vg-root - 49 GB / 45 GiB - 95903744 sectors, sector size=512 - Msft Virtual Disk, FW:1.0
Disk /dev/mapper/priority--web--vg-swap_1 - 4290 MB / 4092 MiB - 8380416 sectors, sector size=512 - Msft Virtual Disk, FW:1.0
Disk /dev/dm-0 - 49 GB / 45 GiB - 95903744 sectors, sector size=512 - Msft Virtual Disk, FW:1.0
Disk /dev/dm-1 - 4290 MB / 4092 MiB - 8380416 sectors, sector size=512 - Msft Virtual Disk, FW:1.0

SIGINT detected! TestDisk has been killed.
